◇ injected env (0) from .env // tip: ⌘ suppress logs { quiet: true }
❌ .env 파일에 SLACK_TOKEN 이 필요합니다.
◇ injected env (3) from .env // tip: ⌘ enable debugging { debug: true }
📄 뉴스레터 파일 확인 중...
   ✔ 2026-04-16-테스트.json 로드됨

📋 구독자 목록을 불러오는 중...

── 발송 예정 목록 ──────────────────────
   1. Bella <bella.12@kakaopiccoma.com>
────────────────────────────────────────
  총 1명

👀 미리보기 발송 중... → bella.12@kakaopiccoma.com
   ✔ 미리보기 발송 완료

⏳ 30분 동안 답장 대기 중... (AM 10:16:07)

✅ 발송 승인 확인. 전체 발송을 시작합니다.

✅  Bella <bella.12@kakaopiccoma.com> → 발송 완료

── 발송 결과 ──────────────────────
   성공: 1명
   실패: 0명

📁 2026-04-16-테스트.json → newsletters/sent/ 로 이동 완료
📊 발송 결과 리포트를 운영자에게 전송했습니다.
◇ injected env (3) from .env // tip: ⌘ multiple files { path: ['.env.local', '.env'] }
📄 뉴스레터 파일 확인 중...
   ✔ 2026-04-16-테스트.json 로드됨

📋 구독자 목록을 불러오는 중...

── 발송 예정 목록 ──────────────────────
   1. Bella <bella.12@kakaopiccoma.com>
────────────────────────────────────────
  총 1명

👀 미리보기 발송 중... → bella.12@kakaopiccoma.com
   ✔ 미리보기 발송 완료

⏳ 30분 동안 답장 대기 중... (AM 11:00:06)

✅ 발송 승인 확인. 전체 발송을 시작합니다.

✅  Bella <bella.12@kakaopiccoma.com> → 발송 완료

── 발송 결과 ──────────────────────
   성공: 1명
   실패: 0명

📁 2026-04-16-테스트.json → newsletters/sent/ 로 이동 완료
📊 발송 결과 리포트를 운영자에게 전송했습니다.
